PS C:\Users\Arya shrestha\Pictures\psc-01\c-activity-sets\set02> gdb .\problem06.exe
GNU gdb (GDB) 7.6.1
Copyright (C) 2013 Free Software Foundation, Inc.
License GPLv3+: GNU GPL version 3 or later <http://gnu.org/licenses/gpl.html>
This is free software: you are free to change and redistribute it.
There is NO WARRANTY, to the extent permitted by law.  Type "show copying"
and "show warranty" for details.
This GDB was configured as "mingw32".
For bug reporting instructions, please see:
<http://www.gnu.org/software/gdb/bugs/>...
Reading symbols from C:\Users\Arya shrestha\Pictures\psc-01\c-activity-sets\set02\problem06.exe...done.
(gdb) r
Starting program: C:\Users\Arya shrestha\Pictures\psc-01\c-activity-sets\set02/.\problem06.exe 
[New Thread 19244.0x5fa8]
[New Thread 19244.0x6180]
Enter a string: hello
Original string: hello
Reversed string: olleh
[Inferior 1 (process 19244) exited normally]
(gdb) h
List of classes of commands:

aliases -- Aliases of other commands
breakpoints -- Making program stop at certain points
data -- Examining data
files -- Specifying and examining files
internals -- Maintenance commands
obscure -- Obscure features
running -- Running the program
stack -- Examining the stack
status -- Status inquiries
support -- Support facilities
tracepoints -- Tracing of program execution without stopping the program
user-defined -- User-defined commands

Type "help" followed by a class name for a list of commands in that class.
Type "help all" for the list of all commands.
Type "help" followed by command name for full documentation.
Type "apropos word" to search for commands related to "word".
Command name abbreviations are allowed if unambiguous.
(gdb) b
No default breakpoint address now.
(gdb) 12
Undefined command: "12".  Try "help".
(gdb) q