PS C:\Users\Arya shrestha\Pictures\psc-01\c-activity-sets\set02> gdb .\problem07.exe
GNU gdb (GDB) 7.6.1
Copyright (C) 2013 Free Software Foundation, Inc.
License GPLv3+: GNU GPL version 3 or later <http://gnu.org/licenses/gpl.html>
This is free software: you are free to change and redistribute it.
There is NO WARRANTY, to the extent permitted by law.  Type "show copying"
and "show warranty" for details.
This GDB was configured as "mingw32".
For bug reporting instructions, please see:
<http://www.gnu.org/software/gdb/bugs/>...
Reading symbols from C:\Users\Arya shrestha\Pictures\psc-01\c-activity-sets\set02\problem07.exe...done.
(gdb) +b 26
Undefined command: "+b".  Try "help".
(gdb) b 26
Breakpoint 1 at 0x401508: file problem07.c, line 26.
(gdb) b
No default breakpoint address now.
(gdb) b 31
Breakpoint 2 at 0x401548: file problem07.c, line 31.
(gdb) b `35
Function "`35" not defined.
Make breakpoint pending on future shared library load? (y or [n])
(gdb) y
Undefined command: "y".  Try "help".
(gdb) finish t->area
The program is not being run.
(gdb) n
The program is not being run.
(gdb) r
Starting program: C:\Users\Arya shrestha\Pictures\psc-01\c-activity-sets\set02/.\problem07.exe 
[New Thread 240.0x5bc0]
[New Thread 240.0x3620]
Enter The base value: 
2
Enter The altitude value: 
3

Breakpoint 1, input_triangle () at problem07.c:26
26              return T1;
(gdb) b 36
No line 36 in the current file.
Make breakpoint pending on future shared library load? (y or [n]) n
(gdb) b 25
Breakpoint 3 at 0x4014f2: file problem07.c, line 25.
(gdb) q
A debugging session is active.

        Inferior 1 [process 240] will be killed.